C:\Python310\Scripts\uvicorn.e
xe : [32mINFO[0m:     
Started server process 
[[36m14328[0m]
At line:1 char:13
+ cd backend; C:\Python310\Scr
ipts\uvicorn.exe app.main:app 
--port 8000 ...
+             ~~~~~~~~~~~~~~~~
~~~~~~~~~~~~~~~~~~~~~~~~~~~~~~
~~~~~~~~~~~
    + CategoryInfo          : 
    NotSpecified: ([32mINFO  
  [0m: ...[36m14328[0m]:   
 String) [], RemoteExcepti    
on
    + FullyQualifiedErrorId : 
    NativeCommandError
 
[32mINFO[0m:     Waiting 
for application startup.
[32mINFO[0m:     
Application startup complete.
[31mERROR[0m:    [Errno 
10048] error while attempting 
to bind on address 
('127.0.0.1', 8000): only one 
usage of each socket address 
(protocol/network 
address/port) is normally 
permitted
[32mINFO[0m:     Waiting 
for application shutdown.
[32mINFO[0m:     
Application shutdown complete.
